[    0.000000] Linux version 4.15.0-42-generic (buildd@lgw01-amd64-023) (gcc version 7.3.0 (Ubuntu 7.3.0-16ubuntu3)) #45-Ubuntu SMP Thu Nov 15 19:32:57 UTC 2018 (Ubuntu 4.15.0-42.45-generic 4.15.18)
[    0.000000] Command line: BOOT_IMAGE=/boot/vmlinuz-4.15.0-42-generic root=UUID=02ed4d94-89e1-4ebb-b5ad-4789b97c1162 ro console=tty1 console=ttyS0
[    0.000000] KERNEL supported cpus:
[    0.000000]   Intel GenuineIntel
[    0.000000]   AMD AuthenticAMD
[    0.000000]   Centaur CentaurHauls
[    0.000000] x86/fpu: Supporting XSAVE feature 0x001: 'x87 floating point registers'
[    0.000000] x86/fpu: Supporting XSAVE feature 0x002: 'SSE registers'
[    0.000000] x86/fpu: Supporting XSAVE feature 0x004: 'AVX registers'
[    0.000000] x86/fpu: xstate_offset[2]:  576, xstate_sizes[2]:  256
[    0.000000] x86/fpu: Enabled xstate features 0x7, context size is 832 bytes, using 'standard' format.
[    0.000000] e820: BIOS-provided physical RAM map:
[    0.000000] BIOS-e820: [mem 0x0000000000000000-0x000000000009fbff] usable
[    0.000000] BIOS-e820: [mem 0x000000000009fc00-0x000000000009ffff] reserved
[    0.000000] BIOS-e820: [mem 0x00000000000f0000-0x00000000000fffff] reserved
[    0.000000] BIOS-e820: [mem 0x0000000000100000-0x000000003ffeffff] usable
[    0.000000] BIOS-e820: [mem 0x000000003fff0000-0x000000003fffffff] ACPI data
[    0.000000] BIOS-e820: [mem 0x00000000fec00000-0x00000000fec00fff] reserved
[    0.000000] BIOS-e820: [mem 0x00000000fee00000-0x00000000fee00fff] reserved
[    0.000000] BIOS-e820: [mem 0x00000000fffc0000-0x00000000ffffffff] reserved
[    0.000000] NX (Execute Disable) protection: active
[    0.000000] SMBIOS 2.5 present.
[    0.000000] DMI: innotek GmbH VirtualBox/VirtualBox, BIOS VirtualBox 12/01/2006
[    0.000000] Hypervisor detected: KVM
[    0.000000] e820: last_pfn = 0x3fff0 max_arch_pfn = 0x400000000
[    0.000000] MTRR: Disabled
[    0.000000] x86/PAT: MTRRs disabled, skipping PAT initialization too.
[    0.000000] CPU MTRRs all blank - virtualized system.
[    0.000000] x86/PAT: Configuration [0-7]: WB  WT  UC- UC  WB  WT  UC- UC  
[    0.000000] found SMP MP-table at [mem 0x0009fff0-0x0009ffff] mapped at [        (ptrval)]
[    0.000000] Scanning 1 areas for low memory corruption
[    0.000000] RAMDISK: [mem 0x359d5000-0x36ce1fff]
[    0.000000] ACPI: Early table checksum verification disabled
[    0.000000] ACPI: RSDP 0x00000000000E0000 000024 (v02 VBOX  )
[    0.000000] ACPI: XSDT 0x000000003FFF0030 00003C (v01 VBOX   VBOXXSDT 00000001 ASL  00000061)
[    0.000000] ACPI: FACP 0x000000003FFF00F0 0000F4 (v04 VBOX   VBOXFACP 00000001 ASL  00000061)
[    0.000000] ACPI: DSDT 0x000000003FFF0470 0021FF (v02 VBOX   VBOXBIOS 00000002 INTL 20100528)
[    0.000000] ACPI: FACS 0x000000003FFF0200 000040
[    0.000000] ACPI: FACS 0x000000003FFF0200 000040
[    0.000000] ACPI: APIC 0x000000003FFF0240 00005C (v02 VBOX   VBOXAPIC 00000001 ASL  00000061)
[    0.000000] ACPI: SSDT 0x000000003FFF02A0 0001CC (v01 VBOX   VBOXCPUT 00000002 INTL 20100528)
[    0.000000] No NUMA configuration found
[    0.000000] Faking a node at [mem 0x0000000000000000-0x000000003ffeffff]
[    0.000000] NODE_DATA(0) allocated [mem 0x3ffc5000-0x3ffeffff]
[    0.000000] kvm-clock: cpu 0, msr 0:3ff44001, primary cpu clock
[    0.000000] kvm-clock: Using msrs 4b564d01 and 4b564d00
[    0.000000] kvm-clock: using sched offset of 4920242911 cycles
[    0.000000] clocksource: kvm-clock: mask: 0xffffffffffffffff max_cycles: 0x1cd42e4dffb, max_idle_ns: 881590591483 ns
[    0.000000] Zone ranges:
[    0.000000]   DMA      [mem 0x0000000000001000-0x0000000000ffffff]
[    0.000000]   DMA32    [mem 0x0000000001000000-0x000000003ffeffff]
[    0.000000]   Normal   empty
[    0.000000]   Device   empty
[    0.000000] Movable zone start for each node
[    0.000000] Early memory node ranges
[    0.000000]   node   0: [mem 0x0000000000001000-0x000000000009efff]
[    0.000000]   node   0: [mem 0x0000000000100000-0x000000003ffeffff]
[    0.000000] Initmem setup node 0 [mem 0x0000000000001000-0x000000003ffeffff]
[    0.000000] Reserved but unavailable: 98 pages
[    0.000000] ACPI: PM-Timer IO Port: 0x4008
[    0.000000] IOAPIC[0]: apic_id 2, version 32, address 0xfec00000, GSI 0-23
[    0.000000] ACPI: INT_SRC_OVR (bus 0 bus_irq 0 global_irq 2 dfl dfl)
[    0.000000] ACPI: INT_SRC_OVR (bus 0 bus_irq 9 global_irq 9 low level)
[    0.000000] Using ACPI (MADT) for SMP configuration information
[    0.000000] smpboot: Allowing 2 CPUs, 0 hotplug CPUs
[    0.000000] PM: Registered nosave memory: [mem 0x00000000-0x00000fff]
[    0.000000] PM: Registered nosave memory: [mem 0x0009f000-0x0009ffff]
[    0.000000] PM: Registered nosave memory: [mem 0x000a0000-0x000effff]
[    0.000000] PM: Registered nosave memory: [mem 0x000f0000-0x000fffff]
[    0.000000] e820: [mem 0x40000000-0xfebfffff] available for PCI devices
[    0.000000] Booting paravirtualized kernel on KVM
[    0.000000] clocksource: refined-jiffies: mask: 0xffffffff max_cycles: 0xffffffff, max_idle_ns: 7645519600211568 ns
[    0.000000] random: get_random_bytes called from start_kernel+0x99/0x4fd with crng_init=0
[    0.000000] setup_percpu: NR_CPUS:8192 nr_cpumask_bits:2 nr_cpu_ids:2 nr_node_ids:1
[    0.000000] percpu: Embedded 46 pages/cpu @        (ptrval) s151552 r8192 d28672 u1048576
[    0.000000] PV qspinlock hash table entries: 256 (order: 0, 4096 bytes)
[    0.000000] Built 1 zonelists, mobility grouping on.  Total pages: 257913
[    0.000000] Policy zone: DMA32
[    0.000000] Kernel command line: BOOT_IMAGE=/boot/vmlinuz-4.15.0-42-generic root=UUID=02ed4d94-89e1-4ebb-b5ad-4789b97c1162 ro console=tty1 console=ttyS0
[    0.000000] Memory: 983076K/1048120K available (12300K kernel code, 2472K rwdata, 4252K rodata, 2408K init, 2416K bss, 65044K reserved, 0K cma-reserved)
[    0.000000] SLUB: HWalign=64, Order=0-3, MinObjects=0, CPUs=2, Nodes=1
[    0.000000] Kernel/User page tables isolation: enabled
[    0.000000] ftrace: allocating 39186 entries in 154 pages
[    0.004000] Hierarchical RCU implementation.
[    0.004000] 	RCU restricting CPUs from NR_CPUS=8192 to nr_cpu_ids=2.
[    0.004000] 	Tasks RCU enabled.
[    0.004000] RCU: Adjusting geometry for rcu_fanout_leaf=16, nr_cpu_ids=2
[    0.004000] NR_IRQS: 524544, nr_irqs: 440, preallocated irqs: 16
[    0.004000] Console: colour VGA+ 80x25
[    0.004000] console [tty1] enabled
[    0.004000] console [ttyS0] enabled
[    0.004000] ACPI: Core revision 20170831
[    0.004000] ACPI: 2 ACPI AML tables successfully acquired and loaded
[    0.004000] APIC: Switch to symmetric I/O mode setup
[    0.004850] x2apic enabled
[    0.008007] Switched APIC routing to physical x2apic.
[    0.016000] ..TIMER: vector=0x30 apic1=0 pin1=2 apic2=-1 pin2=-1
[    0.016005] tsc: Detected 2294.686 MHz processor
[    0.020011] Calibrating delay loop (skipped) preset value.. 4589.37 BogoMIPS (lpj=9178744)
[    0.024010] pid_max: default: 32768 minimum: 301
[    0.028088] Security Framework initialized
[    0.030209] Yama: becoming mindful.
[    0.032047] AppArmor: AppArmor initialized
[    0.036126] Dentry cache hash table entries: 131072 (order: 8, 1048576 bytes)
[    0.040133] Inode-cache hash table entries: 65536 (order: 7, 524288 bytes)
[    0.044033] Mount-cache hash table entries: 2048 (order: 2, 16384 bytes)
[    0.048018] Mountpoint-cache hash table entries: 2048 (order: 2, 16384 bytes)
[    0.052566] mce: CPU supports 0 MCE banks
[    0.056037] Last level iTLB entries: 4KB 1024, 2MB 1024, 4MB 1024
[    0.060008] Last level dTLB entries: 4KB 1024, 2MB 1024, 4MB 1024, 1GB 4
[    0.064008] Spectre V2 : Mitigation: Full generic retpoline
[    0.068008] Spectre V2 : Spectre v2 / SpectreRSB mitigation: Filling RSB on context switch
[    0.072008] Speculative Store Bypass: Vulnerable
[    0.076488] Freeing SMP alternatives memory: 36K
[    0.088000] smpboot: CPU0: Intel(R) Core(TM) i5-4200U CPU @ 1.60GHz (family: 0x6, model: 0x45, stepping: 0x1)
[    0.088154] Performance Events: unsupported p6 CPU model 69 no PMU driver, software events only.
[    0.092082] Hierarchical SRCU implementation.
[    0.097037] NMI watchdog: Perf event create on CPU 0 failed with -2
[    0.100004] NMI watchdog: Perf NMI watchdog permanently disabled
[    0.102482] smp: Bringing up secondary CPUs ...
[    0.104189] x86: Booting SMP configuration:
[    0.105954] .... node  #0, CPUs:      #1
[    0.004000] kvm-clock: cpu 1, msr 0:3ff44041, secondary cpu clock
[    0.004000] mce: CPU supports 0 MCE banks
[    0.115254] smp: Brought up 1 node, 2 CPUs
[    0.116007] smpboot: Max logical packages: 1
[    0.120022] smpboot: Total of 2 processors activated (9178.74 BogoMIPS)
[    0.124244] devtmpfs: initialized
[    0.128134] x86/mm: Memory block size: 128MB
[    0.136330] evm: security.selinux
[    0.140005] evm: security.SMACK64
[    0.144006] evm: security.SMACK64EXEC
[    0.148005] evm: security.SMACK64TRANSMUTE
[    0.152004] evm: security.SMACK64MMAP
[    0.156004] evm: security.apparmor
[    0.160003] evm: security.ima
[    0.164003] evm: security.capability
[    0.168302] clocksource: jiffies: mask: 0xffffffff max_cycles: 0xffffffff, max_idle_ns: 7645041785100000 ns
[    0.172018] futex hash table entries: 512 (order: 3, 32768 bytes)
[    0.176140] pinctrl core: initialized pinctrl subsystem
[    0.184051] RTC time:  6:47:00, date: 12/15/18
[    0.192271] NET: Registered protocol family 16
[    0.196309] audit: initializing netlink subsys (disabled)
[    0.200059] audit: type=2000 audit(1544856404.904:1): state=initialized audit_enabled=0 res=1
[    0.212017] cpuidle: using governor ladder
[    0.216016] cpuidle: using governor menu
[    0.220192] ACPI: bus type PCI registered
[    0.224005] acpiphp: ACPI Hot Plug PCI Controller Driver version: 0.5
[    0.228255] PCI: Using configuration type 1 for base access
[    0.236632] HugeTLB registered 2.00 MiB page size, pre-allocated 0 pages
[    0.240217] ACPI: Added _OSI(Module Device)
[    0.242471] ACPI: Added _OSI(Processor Device)
[    0.244036] ACPI: Added _OSI(3.0 _SCP Extensions)
[    0.248044] ACPI: Added _OSI(Processor Aggregator Device)
[    0.252012] ACPI: Added _OSI(Linux-Dell-Video)
[    0.256011] ACPI: Added _OSI(Linux-Lenovo-NV-HDMI-Audio)
[    0.260658] ACPI: Executed 1 blocks of module-level executable AML code
[    0.283892] ACPI: Interpreter enabled
[    0.284064] ACPI: (supports S0 S5)
[    0.288004] ACPI: Using IOAPIC for interrupt routing
[    0.291723] PCI: Using host bridge windows from ACPI; if necessary, use "pci=nocrs" and report a bug
[    0.292671] ACPI: Enabled 2 GPEs in block 00 to 07
[    0.322957] ACPI: PCI Root Bridge [PCI0] (domain 0000 [bus 00-ff])
[    0.324013] acpi PNP0A03:00: _OSC: OS supports [ASPM ClockPM Segments MSI]
[    0.328079] acpi PNP0A03:00: _OSC: not requesting OS control; OS requires [ExtendedConfig ASPM ClockPM MSI]
[    0.332035] acpi PNP0A03:00: fail to add MMCONFIG information, can't access extended PCI configuration space under this bridge.
[    0.336920] PCI host bridge to bus 0000:00
[    0.340008] pci_bus 0000:00: root bus resource [io  0x0000-0x0cf7 window]
[    0.344008] pci_bus 0000:00: root bus resource [io  0x0d00-0xffff window]
[    0.348008] pci_bus 0000:00: root bus resource [mem 0x000a0000-0x000bffff window]
[    0.352010] pci_bus 0000:00: root bus resource [mem 0x40000000-0xfdffffff window]
[    0.356007] pci_bus 0000:00: root bus resource [bus 00-ff]
[    0.367109] pci 0000:00:01.1: legacy IDE quirk: reg 0x10: [io  0x01f0-0x01f7]
[    0.368009] pci 0000:00:01.1: legacy IDE quirk: reg 0x14: [io  0x03f6]
[    0.372010] pci 0000:00:01.1: legacy IDE quirk: reg 0x18: [io  0x0170-0x0177]
[    0.376008] pci 0000:00:01.1: legacy IDE quirk: reg 0x1c: [io  0x0376]
[    0.413487] pci 0000:00:07.0: quirk: [io  0x4000-0x403f] claimed by PIIX4 ACPI
[    0.416042] pci 0000:00:07.0: quirk: [io  0x4100-0x410f] claimed by PIIX4 SMB
[    0.445898] ACPI: PCI Interrupt Link [LNKA] (IRQs 5 9 10 *11)
[    0.453406] ACPI: PCI Interrupt Link [LNKB] (IRQs 5 9 *10 11)
[    0.456285] ACPI: PCI Interrupt Link [LNKC] (IRQs 5 *9 10 11)
[    0.459001] ACPI: PCI Interrupt Link [LNKD] (IRQs 5 9 10 *11)
[    0.460878] SCSI subsystem initialized
[    0.462637] pci 0000:00:02.0: vgaarb: setting as boot VGA device
[    0.462637] pci 0000:00:02.0: vgaarb: VGA device added: decodes=io+mem,owns=io+mem,locks=none
[    0.464012] pci 0000:00:02.0: vgaarb: bridge control possible
[    0.468006] vgaarb: loaded
[    0.472062] ACPI: bus type USB registered
[    0.476081] usbcore: registered new interface driver usbfs
[    0.478279] usbcore: registered new interface driver hub
[    0.480060] usbcore: registered new device driver usb
[    0.484030] EDAC MC: Ver: 3.0.0
[    0.485952] PCI: Using ACPI for IRQ routing
[    0.488402] NetLabel: Initializing
[    0.489908] NetLabel:  domain hash size = 128
[    0.492005] NetLabel:  protocols = UNLABELED CIPSOv4 CALIPSO
[    0.496051] NetLabel:  unlabeled traffic allowed by default
[    0.500460] clocksource: Switched to clocksource kvm-clock
[    0.553446] VFS: Disk quotas dquot_6.6.0
[    0.565153] VFS: Dquot-cache hash table entries: 512 (order 0, 4096 bytes)
[    0.568028] AppArmor: AppArmor Filesystem Enabled
[    0.570053] pnp: PnP ACPI init
[    0.574418] pnp: PnP ACPI: found 3 devices
[   .590910] clocksource: acp_p: as: xffff axcycles: xffff,ma_ile_ns: 2085701024 ns
[    136063 NT:Reiserd rotocol family 2

[   1.780046] TCP established hash table entries: 8192 (order: 4, 65536 bytes)

[   1.3070 TP in hshtaleenris: 8192 (order: 5, 131072 bytes)
[    2.384975] TCP: Hash tables configured (established 8192 bind 8192)
[    2.387509] UDP hash table entries: 5112 (rdr:2,1684 bytes)
[   .669] DPLie as tbl etres 52 (rder: 2, 16384 yts)
[   .5388]NE: Registered protocol famil 1
[   .8057]pci 000:0:0.: imting dret CI/PCI transfrs
[   .6095]pc 00000010:Acivating ISA DMAA hang workarounds
[    5.113571] pci 0000:00:02.0: Video device with shadowed ROM at [mem 0x000c0000-0x000dffff]
[    5.121343 Upakig niramfs..
[    6.379392] Freeing initrd memory: 19508K
[    6.393515] platform rtc_cmos: registered platform RTC device (no PNP device found)
[    6.441352] Scanning for low memory corruption every 60 seconds
[    6.466993] Initialise system trusted keyrings
[    6.468942] Key type blacklist registered
[    6.470789] workingset: timestamp_bits=36 max_order=18 bucket_order=0
[    6.477409] zbud: loaded
[    6.479929] squashfs: version 4.0 (2009/01/31) Phillip Lougher
[    6.484180] fuse init (API version 7.26)
[    6.493407] Key type asymmetric registered
[    6.495150] Asymmetric key parser 'x509' registered
[    6.497427] Block layer SCSI generic (bsg) driver version 0.4 loaded (major 246)
[    6.500708] io scheduler noop registered
[    6.502408] io scheduler deadline registered
[    6.504420] io scheduler cfq registered (default)
[    6.512256] ACPI: AC Adapter [AC] (on-line)
[    6.515602] input: Power Button as /devices/LNXSYSTM:00/LNXPWRBN:00/input/input0
[    6.526908] ACPI: Power Button [PWRF]
[    6.540731] input: Sleep Button as /devices/LNXSYSTM:00/LNXSLPBN:00/input/input1
[    6.564410] ACPI: Sleep Button [SLPF]
[    6.567131] Serial: 8250/16550 driver, 32 ports, IRQ sharing enabled
[    6.570459] ACPI: Battery Slot [BAT0] (battery present)
[    6.598347] 00:02: ttyS0 at I/O 0x3f8 (irq = 4, base_baud = 115200) is a 16550A
[    6.614910] Linux agpgart interface v0.103
[    6.639051] loop: module loaded
[    6.657003] scsi host0: ata_piix
[    6.675031] scsi host1: ata_piix
[    6.691220] ata1: PATA max UDMA/33 cmd 0x1f0 ctl 0x3f6 bmdma 0xd000 irq 14
[    6.715919] ata2: PATA max UDMA/33 cmd 0x170 ctl 0x376 bmdma 0xd008 irq 15
[    6.732715] libphy: Fixed MDIO Bus: probed
[    6.752626] tun: Universal TUN/TAP device driver, 1.6
[    6.788641] PPP generic driver version 2.4.2
[    6.810066] ehci_hcd: USB 2.0 'Enhanced' Host Controller (EHCI) Driver
[    6.839216] ehci-pci: EHCI PCI platform driver
[    6.864455] ehci-platform: EHCI generic platform driver
[    6.881241] ohci_hcd: USB 1.1 'Open' Host Controller (OHCI) Driver
[    6.884334] ohci-pci: OHCI PCI platform driver
[    6.894961] ohci-platform: OHCI generic platform driver
[    6.909882] uhci_hcd: USB Universal Host Controller Interface driver
[    6.934657] i8042: PNP: PS/2 Controller [PNP0303:PS2K,PNP0f03:PS2M] at 0x60,0x64 irq 1,12
[    6.978743] serio: i8042 KBD port at 0x60,0x64 irq 1
[    7.022213] serio: i8042 AUX port at 0x60,0x64 irq 12
[    7.052810] mousedev: PS/2 mouse device common for all mice
[    7.092781] input: AT Translated Set 2 keyboard as /devices/platform/i8042/serio0/input/input2
[    7.135918] rtc_cmos rtc_cmos: rtc core: registered rtc_cmos as rtc0
[    7.203232] rtc_cmos rtc_cmos: alarms up to one day, 114 bytes nvram
[    7266876] i2c /dev entres driver
[    7.366210] pcie_mp2_amd: AMD(R) PCI-E MP2 Communication Driver Version: 1.0
[    7.420183] tsc: Refined TSC clocksource calibration: 2295.687 MHz
[    7.420195] clocksource: tsc: mask: 0xffffffffffffffff max_cycles: 0x21174ac26ec, max_idle_ns: 440795209452 ns
[    7.431771] device-mapper: uevent: version .03
[    7.561233] device-mapper: ioctl: 4.37.0-ioctl (2017-09-20) initialised: dm-devel@redhat.com
[    7.641833] ledtrig-cpu: registered to indicate activity on CPUs
[    7.751290] NET: Registered protocol family 10
[    7.808012] Segment Routing with IPv6
[    7.837174] NET: Registered protocol family 17
[    7.843291] Key type dns_resolver registered
[    7.879132] RAS: Correctable Errors collector initialized.
[    7.921040] sched_clock: Marking stable (7921007994, 0)->(31603421430, -23682413436)
[    7.996662] registered taskstats version 1
[    8.077137] Loading compiled-in X.509 certificates
[    8.123326] Loaded X.509 cert 'Build time autogenerated kernel key: 1663f0131deec003b89e364b3e1eacfdeb38eccf'
[    8.169271] zswap: loaded using pool lzo/zbud
[    8.225822] Key type big_key registered
[    8.260754] Key type trusted registered
[    8.310886] Key type encrypted registered
[    8.336746] AppArmor: AppArmor sha1 policy hashing enabled
[    8.394625] ima: No TPM chip found, activating TPM-bypass! (rc=-19)
[    8.437895] ima: Allocated hash algorithm: sha1
[    8.440386] evm: HMAC attrs: 0x1
[    8.446920]   Magic number: 14:35:772
[    8.462055] rtc_cmos rtc_cmos: setting system clock to 2018-12-15 06:47:10 UTC (1544856430)
[    8.470708] BIOS EDD facility v0.16 2004-Jun-25, 0 devices found
[    8.491282] EDD information not available.
[    8.509125] Freeing unused kernel memory: 2408K
[    8.528091] Write protecting the kernel read-only data: 20480k
[   10.385571] Freeing unused kernel memory: 2008K
[   12.093096] Freeing unused kernel memory: 1892K
[   13.369597] x86/mm: Checked W+X mappings: passed, no W+X pages found.
[   15.390401] x86/mm: Checking user space page tables
[   17.066682] x86/mm: Checked W+X mappings: passed, no W+X pages found.
Loading, please wait...
starting version 237
[   18.355023] Fusion MPT base driver 3.04.20
[   18.362789] Copyright (c) 1999-2008 LSI Corporation
[   18.375101] e1000: Intel(R) PRO/1000 Network Driver - version 7.3.21-k8-NAPI
[   18.386014] e1000: Copyright (c) 1999-2006 Intel Corporation.
[   18.423121] AVX2 version of gcm_enc/dec engaged.
[   18.441445] AES CTR mode by8 optimization enabled
[   18.459351] Fusion MPT SPI Host driver 3.04.20
[   18.617014] input: ImExPS/2 Generic Explorer Mouse as /devices/platform/i8042/serio1/input/input4
[   18.947170] e1000 0000:00:03.0 eth0: (PCI:33MHz:32-bit) 02:37:44:80:7e:2c
[   19.509291] e1000 0000:00:03.0 eth0: Intel(R) PRO/1000 Network Connection
[   19.590394] mptbase: ioc0: Initiating bringup
[   20.090956] ioc0: LSI53C1030 A0: Capabilities={Initiator}
[   21.409146] scsi host2: ioc0: LSI53C1030 A0, FwRev=00000000h, Ports=1, MaxQ=256, IRQ=20
[   22.379893] scsi 2:0:0:0: Direct-Access     VBOX     HARDDISK         1.0  PQ: 0 ANSI: 5
[   22.680086] scsi target2:0:0: Beginning Domain Validation
[   22.690342] scsi target2:0:0: Domain Validation skipping write tests
[   22.693674] scsi target2:0:0: Ending Domain Validation
[   22.707411] scsi target2:0:0: asynchronous
[   22.718804] scsi 2:0:1:0: Direct-Access     VBOX     HARDDISK         1.0  PQ: 0 ANSI: 5
[   22.976204] scsi target2:0:1: Beginning Domain Validation
[   23.000276] random: fast init done
[   23.004258] scsi target2:0:1: Domain Validation skipping write tests
[   23.007560] scsi target2:0:1: Ending Domain Validation
[   23.010443] scsi target2:0:1: asynchronous
[   23.013997] random: systemd-udevd: uninitialized urandom read (16 bytes read)
[   23.023634] e1000 0000:00:08.0 eth1: (PCI:33MHz:32-bit) 08:00:27:6a:ed:f6
[   23.024140] sd 2:0:0:0: [sda] 20971520 512-byte logical blocks: (10.7 GB/10.0 GiB)
[   23.024254] sd 2:0:0:0: [sda] Write Protect is off
[   23.024468] sd 2:0:0:0: [sda] Incomplete mode parameter data
[   23.024473] sd 2:0:0:0: [sda] Assuming drive cache: write through
[   23.024925] sd 2:0:0:0: Attached scsi generic sg0 type 0
[   23.026066] sd 2:0:1:0: Attached scsi generic sg1 type 0
[   23.026810] sd 2:0:1:0: [sdb] 20480 512-byte logical blocks: (10.5 MB/10.0 MiB)
[   23.026899] sd 2:0:1:0: [sdb] Write Protect is off
[   23.027076] sd 2:0:1:0: [sdb] Incomplete mode parameter data
[   23.027080] sd 2:0:1:0: [sdb] Assuming drive cache: write through
[   23.027235]  sda: sda1
[   23.028470] sd 2:0:0:0: [sda] Attached SCSI disk
[   23.031696] sd 2:0:1:0: [sdb] Attached SCSI disk
[   23.048949] random: systemd-udevd: uninitialized urandom read (16 bytes read)
[   23.048960] random: systemd-udevd: uninitialized urandom read (16 bytes read)
[   23.127958] e1000 0000:00:08.0 eth1: Intel(R) PRO/1000 Network Connection
[   23.134084] e1000 0000:00:08.0 enp0s8: renamed from eth1
[   23.149708] e1000 0000:00:03.0 enp0s3: renamed from eth0
Begin: Loading essential drivers ... [   25.604302] raid6: sse2x1   gen()  2027 MB/s
[   25.696145] raid6: sse2x1   xor()  1319 MB/s
[   25.772042] raid6: sse2x2   gen()  4728 MB/s
[   25.844343] raid6: sse2x2   xor()  2198 MB/s
[   25.928184] raid6: sse2x4   gen()  4868 MB/s
[   25.988061] raid6: sse2x4   xor()  2623 MB/s
[   26.060045] raid6: avx2x1   gen()  4099 MB/s
[   26.152269] raid6: avx2x1   xor()  2105 MB/s
[   26.236106] raid6: avx2x2   gen()  7826 MB/s
[   26.296050] raid6: avx2x2   xor()  4073 MB/s
[   26.372031] raid6: avx2x4   gen() 10868 MB/s
[   26.456200] raid6: avx2x4   xor()  6001 MB/s
[   26.478129] raid6: using algorithm avx2x4 gen() 10868 MB/s
[   26.481044] raid6: .... xor() 6001 MB/s, rmw enabled
[   26.483583] raid6: using avx2x2 recovery algorithm
[   26.497439] xor: automatically using best checksumming function   avx       
[   26.512750] async_tx: api initialized (async)
done.
Begin: Running /scripts/init-premount ... done.
Begin: Mounting root file system ... Begin: Running /scripts/local-top ... done.
Begin: Running /scripts/local-premount ... [   26.657949] Btrfs loaded, crc32c=crc32c-intel
Scanning for Btrfs filesystems
done.
Warning: fsck not present, so sk[   26.746647] EXT4-fs (sda1): INFO: recovery required on readonly filesystem
ipping root file system
[   26.810374] EXT4-fs (sda1): write access will be enabled during recovery
[   26.923134] EXT4-fs (sda1): recovery complete
[   26.939954] EXT4-fs (sda1): mounted filesystem with ordered data mode. Opts: (null)
done.
Begin: Running /scripts/local-bottom ... done.
Begin: Running /scripts/init-bottom ... done.
[   27.229916] ip_tables: (C) 2000-2006 Netfilter Core Team
[   27.261887] systemd[1]: systemd 237 running in system mode. (+PAM +AUDIT +SELINUX +IMA +APPARMOR +SMACK +SYSVINIT +UTMP +LIBCRYPTSETUP +GCRYPT +GNUTLS +ACL +XZ +LZ4 +SECCOMP +BLKID +ELFUTILS +KMOD -IDN2 +IDN -PCRE2 default-hierarchy=hybrid)
[   27.434536] systemd[1]: Detected virtualization oracle.
[   27.483673] systemd[1]: Detected architecture x86-64.

Welcome to [1mUbuntu 18.04.1 LTS[0m!

[   27.521021] systemd[1]: Set hostname to <ubuntu-bionic>.
[   27.979681] systemd[1]: Created slice System Slice.
[[0;32m  OK  [0m] Created slice System Slice.
[   28.012733] systemd[1]: Listening on LVM2 metadata daemon socket.
[[0;32m  OK  [0m] Listening on LVM2 metadata daemon socket.
[   28.084332] systemd[1]: Listening on LVM2 poll daemon socket.
[[0;32m  OK  [0m] Listening on LVM2 poll daemon socket.
[   28.177560] systemd[1]: Created slice system-serial\x2dgetty.slice.
[[0;32m  OK  [0m] Created slice system-serial\x2dgetty.slice.
[   28.216244] systemd[1]: Set up automount Arbitrary Executable File Formats File System Automount Point.
[[0;32m  OK  [0m] Set up automount Arbitrary Executabâ€¦rmats File System Automount Point.
[   28.252289] systemd[1]: Listening on udev Kernel Socket.
[[0;32m  OK  [0m] Listening on udev Kernel Socket.
[[0;32m  OK  [0m] Listening on /dev/initctl Compatibility Named Pipe.
[[0;32m  OK  [0m] Started Forward Password Requests to Wall Directory Watch.
[[0;32m  OK  [0m] Listening on Network Service Netlink Socket.
[[0;32m  OK  [0m] Listening on Journal Socket (/dev/log).
[[0;32m  OK  [0m] Listening on Journal Audit Socket.
[[0;32m  OK  [0m] Created slice User and Session Slice.
[[0;32m  OK  [0m] Reached target Slices.
[[0;32m  OK  [0m] Reached target User and Group Name Lookups.
[[0;32m  OK  [0m] Reached target Swap.
[[0;32m  OK  [0m] Listening on Journal Socket.
         Starting Uncomplicated firewall...
         Mounting Kernel Debug File System...
         Mounting POSIX Message Queue File System...
         Mounting Huge Pages File System...
         Starting Set the console keyboard layout...
         Starting Remount Root and Kernel File Systems...
         [   28.702734] EXT4-fs (sda1): re-mounted. Opts: (null)
Starting Create list of required stâ€¦ce nodes for the current kernel...
         Starting Load Kernel Modules...
[[0;32m  OK  [0m] Listening on Device-mapper event daemon FIFOs.
         Starting Monitoring of LVM2 mirrorsâ€¦ng dmeventd or progress polling...
[[0;32m  OK  [0m] Listening on udev Control Socket.
         Starting udev Coldplug all Devices...
[[0;32m  OK  [0m] Listening on Syslog Socket.
         Starting Journal Service...
[[0;32m  OK  [0m] Reached target System Time Synch[   28.846032] Loading iSCSI transport class v2.0-870.
ronized.
[[0;32m  OK  [0m] Started Uncomplicated firewall.
[[0;32m  OK  [0m] Mounted Kernel Debug File System.
[[0;32m  OK  [0m] Mounted POSIX Message Queue File System.
[[0;32m  OK  [0m] Mounted Huge Pages File System.[   28.913710] iscsi: registered transport (tcp)

[[0;32m  OK  [0m] Started Remount Root and Kernel File Systems.
[[0;32m  OK  [0m] Started Create list of required staâ€¦vice nodes for the current kernel.
[[0;32m  OK  [0m] Started LVM2 metadata daemon.
         Starting Create Static Device Nodes in /dev...
         Starting Initial cloud-init job (pre-networking)...
         Starting Load/Save Random Seed...
[[0;32m  OK  [0m] Started Load/Save Random Seed.
[[0;32m  OK  [0m] Started Create Static Device [   29.147851] random: crng init done
Nodes in /dev.
[   29.162900] random: 7 urandom warning(s) missed due to ratelimiting
[[0;32m  OK  [0m] Started Journal Service.
[[0;32m  OK  [0m] Started Monitoring of LVM2 mirrors,â€¦sing dmeventd or progress polling.
         Starting Flush Journal to Persistent Storage...
[   29.196666] iscsi: registered transport (iser)
         Starting udev Kernel Device Manager...
[   29.223849] systemd-journald[407]: Received request to flush runtime journal from PID 1
[[0;32m  OK  [0m] Started Load Kernel Modules.
         Mounting Kernel Configuration File System...
         Starting Apply Kernel Variables...
         Mounting FUSE Control File System...
[[0;32m  OK  [0m] Mounted Kernel Configuration File System.
[[0;32m  OK  [0m] Mounted FUSE Control File System.
[[0;32m  OK  [0m] Started udev Kernel Device Manager.
[[0;32m  OK  [0m] Started udev Coldplug all Devices.
[[0;32m  OK  [0m] Started Apply Kernel Variables.
[[0;32m  OK  [0m] Started Set the console keyboard layout.
[[0;32m  OK  [0m] Reached target Local File Systems (Pre).
[[0;32m  OK  [0m] Reached target Local File Systems.
         Starting ebtables ruleset management...
         Starting Tell Plymouth To Write Out Runtime Data...
         Starting Set console font and keymap...
         Starting AppArmor initialization...
[[0;32m  OK  [0m] Started Dispatch Password Requests to Console Directory Watch.
[[0;32m  OK  [0m] Reached target Local Encrypted Volumes.
[[0;32m  OK  [0m] Started Flush Journal to Persistent Storage.
         Starting Create Volatile Files and Directories...
[[0;32m  OK  [0m] Started Tell Plymouth To Write Out Runtime Data.
[[0;32m  OK  [0m] Started Set console font and keymap.
[[0;32m  OK  [0m] Started Create Volatile Files and Directories.
         Starting Update UTMP about System Boot/Shutdown...
[[0;32m  OK  [0m] Started Update UTMP about System Boot/Shutdown.
[[0;32m  OK  [0m] Started ebtables ruleset management.
[[0;32m  OK  [0m] Started AppArmor initialization.
[[0;32m  OK  [0m] Found device /dev/ttyS0.
[[0;32m  OK  [0m] Listening on Load/Save RF Kill Switch Status /dev/rfkill Watch.
[   32.198216] cloud-init[411]: Cloud-init v. 18.4-0ubuntu1~18.04.1 running 'init-local' at Sat, 15 Dec 2018 06:47:33 +0000. Up 31.75 seconds.
[[0;32m  OK  [0m] Started Initial cloud-init job (pre-networking).
[[0;32m  OK  [0m] Reached target Network (Pre).
         Starting Network Service...
[[0;32m  OK  [0m] Started Network Service.
         Starting Network Name Resolution...
         Starting Wait for Network to be Configured...
[[0;32m  OK  [0m] Started Network Name Resolution.
[[0;32m  OK  [0m] Reached target Network.
[[0;32m  OK  [0m] Reached target Host and Network Name Lookups.
[[0;32m  OK  [0m] Started Wait for Network to be Configured.
         Starting Initial cloud-init job (metadata service crawler)...
[   36.069886] cloud-init[642]: Cloud-init v. 18.4-0ubuntu1~18.04.1 running 'init' at Sat, 15 Dec 2018 06:47:37 +0000. Up 35.30 seconds.
[   36.077742] cloud-init[642]: ci-info: ++++++++++++++++++++++++++++++++++++++Net device info+++++++++++++++++++++++++++++++++++++++
[   36.082969] cloud-init[642]: ci-info: +--------+------+-----------------------------+---------------+--------+-------------------+
[   36.088868] cloud-init[642]: ci-info: | Device |  Up  |           Address           |      Mask     | Scope  |     Hw-Address    |
[   36.096189] cloud-init[642]: ci-info: +--------+------+-----------------------------+---------------+--------+-------------------+
[   36.101895] cloud-init[642]: ci-info: | enp0s3 | True |          10.0.2.15          | 255.255.255.0 | global | 02:37:44:80:7e:2c |
[   36.118163] cloud-init[642]: ci-info: | enp0s3 | True |  fe80::37:44ff:fe80:7e2c/64 |       .       |  link  | 02:37:44:80:7e:2c |
[   36.126381] cloud-init[642]: ci-info: | enp0s8 | True |        192.168.33.10        | 255.255.255.0 | global | 08:00:27:6a:ed:f6 |
[   36.131218] cloud-init[642]: ci-info: | enp0s8 | True | fe80::a00:27ff:fe6a:edf6/64 |       .       |  link  | 08:00:27:6a:ed:f6 |
[   36.136180] cloud-init[642]: ci-info: |   lo   | True |          127.0.0.1          |   255.0.0.0   |  host  |         .         |
[   36.141430] cloud-init[642]: ci-info: |   lo   | True |           ::1/128           |       .       |  host  |         .         |
[   36.154603] cloud-init[642]: ci-info: +--------+------+-----------------------------+---------------+--------+-------------------+
[[   36.199682] cloud-init[642]: ci-info: +++++++++++++++++++++++++++++Route IPv4 info+++++++++++++++++++++++++++++
[   36.199992] cloud-init[642]: ci-info: +-------+--------------+----------+-----------------+-----------+-------+
[   36.201663] cloud-init[642]: ci-info: | Route | Destination  | Gateway  |     Genmask     | Interface | Flags |
[   36.203562] cloud-init[642]: ci-info: +-------+--------------+----------+-----------------+-----------+-------+
[   36.204738] cloud-init[642]: ci-info: |   0   |   0.0.0.0    | 10.0.2.2 |     0.0.0.0     |   enp0s3  |   UG  |
[   36.205543] cloud-init[642]: ci-info: |   1   |   10.0.2.0   | 0.0.0.0  |  255.255.255.0  |   enp0s3  |   U   |
[   36.206393] cloud-init[642]: ci-info: |   2   |   10.0.2.2   | 0.0.0.0  | 255.255.255.255 |   enp0s3  |   UH  |
[   36.207397] cloud-init[642]: ci-info: |   3   | 192.168.33.0 | 0.0.0.0  |  255.255.255.0  |   enp0s8  |   U   |
[   36.208451] cloud-init[642]: ci-info: +-------+--------------+----------+-----------------+-----------+-------+
[   36.208611] cloud-init[642]: ci-info: +++++++++++++++++++Route IPv6 info+++++++++++++++++++
[   36.210445] cloud-init[642]: ci-info: +-------+-------------+---------+-----------+-------+
[   36.211322] cloud-init[642]: ci-info: | Route | Destination | Gateway | Interface | Flags |
[   36.211966] cloud-init[642]: ci-info: +-------+-------------+---------+-----------+-------+
[   36.212081] cloud-init[642]: ci-info: |   1   |  fe80::/64  |    ::   |   enp0s8  |   U   |
[   36.212194] cloud-init[642]: ci-info: |   2   |  fe80::/64  |    ::   |   enp0s3  |   U   |
[   36.212401] cloud-init[642]: ci-info: |   4   |    local    |    ::   |   enp0s3  |   U   |
[   36.213236] cloud-init[642]: ci-info: |   5   |    local    |    ::   |   enp0s8  |   U   |
[   36.214065] cloud-init[642]: ci-info: |   6   |   ff00::/8  |    ::   |   enp0s8  |   U   |
[   36.214844] cloud-init[642]: ci-info: |   7   |   ff00::/8  |    ::   |   enp0s3  |   U   |
[   36.215633] cloud-init[642]: ci-info: +-------+-------------+---------+-----------+-------+
[0;32m  OK  [0m] Started Initial cloud-init job (metadata service crawler).
[[0;32m  OK  [0m] Reached target Cloud-config availability.
[[0;32m  OK  [0m] Reached target Network is Online.
         Starting Availability of block devices...
[[0;32m  OK  [0m] Reached target Remote File Systems (Pre).
[[0;32m  OK  [0m] Reached target Remote File Systems.
[[0;32m  OK  [0m] Reached target System Initialization.
[[0;32m  OK  [0m] Listening on UUID daemon activation socket.
[[0;32m  OK  [0m] Listening on Open-iSCSI iscsid Socket.
         Starting LXD - unix socket.
[[0;32m  OK  [0m] Started Daily apt download activities.
[[0;32m  OK  [0m] Started Daily apt upgrade and clean activities.
[[0;32m  OK  [0m] Started Daily Cleanup of Temporary Directories.
[[0;32m  OK  [0m] Listening on D-Bus System Message Bus Socket.
[[0;32m  OK  [0m] Listening on ACPID Listen Socket.
[[0;32m  OK  [0m] Started Message of the Day.
         Starting Socket activation for snappy daemon.
[[0;32m  OK  [0m] Started Discard unused blocks once a week.
[[0;32m  OK  [0m] Reached target Timers.
[[0;32m  OK  [0m] Started ACPI Events Check.
[[0;32m  OK  [0m] Reached target Paths.
[[0;32m  OK  [0m] Started Availability of block devices.
[[0;32m  OK  [0m] Listening on LXD - unix socket.
[[0;32m  OK  [0m] Listening on Socket activation for snappy daemon.
[[0;32m  OK  [0m] Reached target Sockets.
[[0;32m  OK  [0m] Reached target Basic System.
         Starting Accounts Service...
[[0;32m  OK  [0m] Started irqbalance daemon.
[[0;32m  OK  [0m] Started D-Bus System Message Bus.
         Starting Daily apt upgrade and clean activities...
         Starting LSB: Record successful boot for GRUB...
         Starting LSB: automatic crash report generation...
[[0;32m  OK  [0m] Started FUSE filesystem for LXC.
         Starting Permit User Sessions...
         Starting Dispatcher daemon for systemd-networkd...
         Starting OpenBSD Secure Shell server...
[[0;32m  OK  [0m] Started Unattended Upgrades Shutdown.
         Starting vboxadd.service...
         Starting Login Service...
[[0;32m  OK  [0m] Started Deferred execution scheduler.
         Starting Snappy daemon...
[[0;32m  OK  [0m] Started Regular background program processing daemon.
         Starting System Logging Service...
         Starting LXD - container startup/shutdown...
[[0;32m  OK  [0m] Started Permit User Sessions.
[[0;32m  OK  [0m] Started OpenBSD Secure Shell server.
[[0;32m  OK  [0m] Started System Logging Service.
[[0;32m  OK  [0m] Started Login Service.
         Starting Authorization Manager...
         Starting Terminate Plymouth Boot Screen...
         Starting Hold until boot process finishes up...
[[0;32m  OK  [0m] Started Hold until boot process finishes up.
[[0;32m  OK  [0m] Started Terminate Plymouth Boot Screen.
         Starting Set console scheme...
[[0;32m  OK  [0m] Started Serial Getty on ttyS0.
[[0;32m  OK  [0m] Started LSB: automatic crash report generation.
[[0;32m  OK  [0m] Started Set console scheme.
[[0;32m  OK  [0m] Created slice system-getty.slice.
[[0;32m  OK  [0m] Started Getty on tty1.
[[0;32m  OK  [0m] Reached target Login Prompts.
[[0;32m  OK  [0m] Started LSB: Record successful boot for GRUB.
[[0;32m  OK  [0m] Started Authorization Manager.
[[0;32m  OK  [0m] Started Accounts Service.
[[0;32m  OK  [0m] Started LXD - container startup/shutdown.
[[0;32m  OK  [0m] Started Snappy daemon.
         Starting Wait until snapd is fully seeded...
[[0;32m  OK  [0m] Started Dispatcher daemon for systemd-networkd.
[[0;32m  OK  [0m] Started Wait until snapd is fully seeded.
[[0;32m  OK  [0m] Started vboxadd.service.
         Starting vboxadd-service.service...
         Starting Apply the settings specified in cloud-config...
[[0;32m  OK  [0m] Started vboxadd-service.service.
[[0;32m  OK  [0m] Reached target Multi-User System.
[[0;32m  OK  [0m] Reached target Graphical Interface.
         Starting Update UTMP about System Runlevel Changes...
[[0;32m  OK  [0m] Started Update UTMP about System Runlevel Changes.
[[0;32m  OK  [0m] Created slice User Slice of vagrant.
         Starting User Manager for UID 1000...
[[0;32m  OK  [0m] Started Session 1 of user vagrant.
[[0;32m  OK  [0m] Started User Manager for UID 1000.
[   40.763375] cloud-init[935]: Cloud-init v. 18.4-0ubuntu1~18.04.1 running 'modules:config' at Sat, 15 Dec 2018 06:47:42 +0000. Up 40.35 seconds.
[[0;32m  OK  [0m] Started Daily apt upgrade and clean activities.
[[0;32m  OK  [0m] Started Apply the settings specified in cloud-config.
         Starting Execute cloud user/final scripts...
[   42.500564] cloud-init[1097]: Cloud-init v. 18.4-0ubuntu1~18.04.1 running 'modules:final' at Sat, 15 Dec 2018 06:47:44 +0000. Up 42.19 seconds.
[   42.500845] cloud-init[1097]: Cloud-init v. 18.4-0ubuntu1~18.04.1 finished at Sat, 15 Dec 2018 06:47:44 +0000. Datasource DataSourceNoCloud [seed=/dev/sdb][dsmode=net].  Up 42.48 seconds

Ubuntu 18.04.1 LTS ubuntu-bionic ttyS0

ubuntu-bionic login: [[0;32m  OK  [0m] Stopped target Cloud-init target.
[[0;32m  OK  [0m] Stopped target Timers.
[[0;32m  OK  [0m] Stopped Daily apt upgrade and clean activities.
[[0;32m  OK  [0m] Stopped Daily Cleanup of Temporary Directories.
         Stopping Session 3 of user vagrant.
[[0;32m  OK  [0m] Stopped Daily apt download activities.
[[0;32m  OK  [0m] Stopped target Host and Network Name Lookups.
[[0;32m  OK  [0m] Stopped Message of the Day.
         Stopping Availability of block device          Stopping LSB: Record successful boot for GRUB...
         Stopping Unattended Upgrades Shutdown...
         Stopping Snappy daemon...
[[0;32m  OK  [0m] Unmounted /var/lib/lxcfs.
[[0;32m  OK  [0m] Stopped irqbalance daemon.
[[0;32m  OK  [0m] Stopped Dispatcher daemon for systemd-networkd.
[[0;32m  OK  [0m] Stopped Accounts Service.
[[0;32m  OK  [0m] Stopped Deferred execution scheduler.
[[0;32m  OK  [0m] Stopped Snappy daemon.
[[0;32m  OK  [0m] Stopped Regular background program processing daemon.
[[0;32m  OK  [0m] Stopped System Logging Service.
[[0;32m  OK  [0m] Stopped OpenBSD Secure Shell server.
[[0;32m  OK  [0m] Stopped Authorization Manager.
[[0;32m  OK  [0m] Stopped Serial Getty on ttyS0.
[[0;32m  OK  [0m] Stopped Getty on tty1.
[[0;32m  OK  [0m] Stopped User Manager for UID 1000.
[[0;32m  OK  [0m] Stopped Availability of block devices.
[[0;32m  OK  [0m] Stopped vboxadd-service.service.
[[0;32m  OK  [0m] Stopped D-Bus System Message Bus.
[[0;32m  OK  [0m] Stopped FUSE filesystem for LXC.
[[0;32m  OK  [0m] Stopped Session 3 of user vagrant.
[[0;32m  OK  [0m] Stopped Unattended Upgrades Shutdown.
[[0;32m  OK  [0m] Stopped Session 12 of user vagrant.
[[0;32m  OK  [0m] Stopped LXD - container startup/shutdown.
         Stopping vboxadd.service...
[[0;32m  OK  [0m] Removed slice User Slice of vagrant.
         Stopping Login Service...
[[0;32m  OK  [0m] Removed slice system-getty.slice.
[[0;32m  OK  [0m] Removed slice system-serial\x2dgetty.slice.
         Stopping Permit User Sessions...
[[0;32m  OK  [0m] Stopped LSB: automatic crash report generation.
[[0;32m  OK  [0m] Stopped LSB: Record successful boot for GRUB.
[[0;32m  OK  [0m] Stopped Permit User Sessions.
[[0;32m  OK  [0m] Stopped Login Service.
[[0;32m  OK  [0m] Stopped target Network.
         Stopping Network Name Resolution...
[[0;32m  OK  [0m] Stopped target User and Group Name Lookups.
[[0;32m  OK  [0m] Stopped target Remote File Systems.
[[0;32m  OK  [0m] Stopped target Remote File Systems (Pre).
[[0;32m  OK  [0m] Unmounted /vagrant.
[[0;32m  OK  [0m] Stopped Network Name Resolution.
[[0;32m  OK  [0m] Stopped vboxadd.service.
[[0;32m  OK  [0m] Stopped target Basic System.
[[0;32m  OK  [0m] Stopped target Paths.
[[0;32m  OK  [0m] Stopped ACPI Events Check.
[[0;32m  OK  [0m] Stopped target Slices.
[[0;32m  OK  [0m] Removed slice User and Session Slice.
[[0;32m  OK  [0m] Stopped target Sockets.
[[0;32m  OK  [0m] Closed Socket activation for snappy daemon.
[[0;32m  OK  [0m] Closed LXD - unix socket.
[[0;32m  OK  [0m] Closed Open-iSCSI iscsid Socket.
[[0;32m  OK  [0m] Closed D-Bus System Message Bus Socket.
[[0;32m  OK  [0m] Closed Syslog Socket.
[[0;32m  OK  [0m] Closed ACPID Listen Socket.
[[0;32m  OK  [0m] Closed UUID daemon activation socket.
[[0;32m  OK  [0m] Stopped target System Initialization.
[[0;32m  OK  [0m] Stopped Initial cloud-init job (metadata service crawler).
         Stopping Update UTMP about System Boot/Shutdown...
         Stopping Load/Save Random Seed...
[[0;32m  OK  [0m] Stopped target Local Encrypted Volumes.
[[0;32m  OK  [0m] Stopped Dispatch Password Requests to Console Directory Watch.
[[0;32m  OK  [0m] Stopped Forward Password Requests to Wall Directory Watch.
         Stopping Network Service...
[[0;32m  OK  [0m] Stopped Load/Save Random Seed.
[[0;32m  OK  [0m] Stopped Update UTMP about System Boot/Shutdown.
[[0;32m  OK  [0m] Stopped Network Service.
[[0;32m  OK  [0m] Stopped target Network (Pre).
[[0;32m  OK  [0m] Stopped Initial cloud-init job (pre-networking).
[[0;32m  OK  [0m] Stopped Apply Kernel Variables.
[[0;32m  OK  [0m] Stopped Load Kernel Modules.
[[0;32m  OK  [0m] Stopped Create Volatile Files and Directories.
[[0;32m  OK  [0m] Stopped target Local File Systems.
         Unmounting /run/user/1000...
[[0;32m  OK  [0m] Unmounted /run/user/1000.
[[0;32m  OK  [0m] Reached target Unmount All Filesystems.
[[0;32m  OK  [0m] Stopped target Local File Systems (Pre).
         Stopping Monitoring of LVM2 mirrorsâ€¦ng dmeventd or progress polling...
[[0;32m  OK  [0m] Stopped Create Static Device Nodes in /dev.
[[0;32m  OK  [0m] Stopped Remount Root and Kernel File Systems.
[[0;32m  OK  [0m] Stopped target Swap.
[[0;32m  OK  [0m] Reached target Shutdown.
[[0;32m  OK  [0m] Reached target Final Step.
         Starting Power-Off...
[[0;32m  OK  [0m] Stopped Monitoring of LVM2 mirrors,â€¦sing dmeventd or progress polling.
         Stopping LVM2 metadata daemon...
[[0;32m  OK  [0m] Stopped LVM2 metadata daemon.
[20035.490104] reboot: Power down
